--- Startup times for process: Primary (or UI client) ---

times in msec
 clock   self+sourced   self:  sourced script
 clock   elapsed:              other lines

000.001  000.001: --- NVIM STARTING ---
000.094  000.094: event init
000.158  000.063: early init
000.186  000.028: locale set
000.220  000.035: init first window
000.508  000.288: inits 1
000.516  000.008: window checked
000.518  000.002: parsing arguments
000.881  000.036  000.036: require('vim._core.shared')
000.936  000.002  000.002: require('string.buffer')
000.957  000.037  000.034: require('vim.inspect')
000.992  000.030  000.030: require('vim._core.options')
000.993  000.110  000.044: require('vim._core.editor')
001.026  000.032  000.032: require('vim._core.system')
001.027  000.197  000.019: require('vim._init_packages')
001.029  000.314: init lua interpreter
001.755  000.726: nvim_ui_attach
001.959  000.204: nvim_set_client_info
001.960  000.001: --- NVIM STARTED ---

--- Startup times for process: Embedded ---

times in msec
 clock   self+sourced   self:  sourced script
 clock   elapsed:              other lines

000.000  000.000: --- NVIM STARTING ---
000.077  000.077: event init
000.130  000.053: early init
000.162  000.032: locale set
000.190  000.028: init first window
000.417  000.227: inits 1
000.427  000.010: window checked
000.428  000.001: parsing arguments
000.760  000.035  000.035: require('vim._core.shared')
000.813  000.002  000.002: require('string.buffer')
000.833  000.036  000.034: require('vim.inspect')
000.867  000.029  000.029: require('vim._core.options')
000.869  000.106  000.042: require('vim._core.editor')
000.896  000.026  000.026: require('vim._core.system')
000.896  000.191  000.024: require('vim._init_packages')
000.898  000.278: init lua interpreter
000.945  000.047: expanding arguments
000.959  000.014: inits 2
001.132  000.172: init highlight
001.132  000.001: waiting for UI
001.241  000.108: done waiting for UI
001.244  000.003: clear screen
001.337  000.009  000.009: require('vim.keymap')
001.876  000.089  000.089: sourcing nvim_exec2()
001.898  000.006  000.006: require('vim._core.log')
002.248  001.003  000.900: require('vim._core.defaults')
002.250  000.004: init default mappings & autocommands
002.567  000.032  000.032: sourcing /usr/share/nvim/runtime/ftplugin.vim
002.622  000.014  000.014: sourcing /usr/share/nvim/runtime/indent.vim
002.673  000.030  000.030: sourcing /usr/share/nvim/archlinux.lua
002.675  000.040  000.010: sourcing /etc/xdg/nvim/sysinit.vim
002.961  000.035  000.035: require('custom.remap')
003.087  000.096  000.096: sourcing nvim_exec2() called at /home/tenzin/.config/nvim/init.lua:0
003.669  000.103  000.103: require('packer.util')
003.704  000.615  000.512: require('packer')
003.912  000.207  000.207: require('packer.log')
004.181  000.084  000.084: require('packer.async')
004.351  000.043  000.043: require('packer.result')
004.354  000.172  000.129: require('packer.jobs')
004.357  000.435  000.179: require('packer.plugin_utils')
004.480  000.118  000.118: require('packer.snapshot')
004.489  000.006  000.006: sourcing nvim_exec2() called at /home/tenzin/.config/nvim/init.lua:0
004.493  000.002  000.002: sourcing nvim_exec2() called at /home/tenzin/.config/nvim/init.lua:0
004.496  000.002  000.002: sourcing nvim_exec2() called at /home/tenzin/.config/nvim/init.lua:0
004.499  000.002  000.002: sourcing nvim_exec2() called at /home/tenzin/.config/nvim/init.lua:0
004.502  000.002  000.002: sourcing nvim_exec2() called at /home/tenzin/.config/nvim/init.lua:0
004.504  000.001  000.001: sourcing nvim_exec2() called at /home/tenzin/.config/nvim/init.lua:0
004.506  000.001  000.001: sourcing nvim_exec2() called at /home/tenzin/.config/nvim/init.lua:0
004.509  000.002  000.002: sourcing nvim_exec2() called at /home/tenzin/.config/nvim/init.lua:0
004.511  000.001  000.001: sourcing nvim_exec2() called at /home/tenzin/.config/nvim/init.lua:0
004.513  000.001  000.001: sourcing nvim_exec2() called at /home/tenzin/.config/nvim/init.lua:0
004.516  000.002  000.002: sourcing nvim_exec2() called at /home/tenzin/.config/nvim/init.lua:0
004.589  001.626  000.133: require('custom.packer')
004.855  000.005  000.005: sourcing /home/tenzin/.local/share/nvim/site/pack/packer/start/vim-fugitive/ftdetect/fugitive.vim
004.900  000.008  000.008: sourcing /usr/share/vim/vimfiles/ftdetect/PKGBUILD.vim
004.911  000.005  000.005: sourcing /usr/share/vim/vimfiles/ftdetect/SRCINFO.vim
004.913  000.139  000.120: sourcing nvim_exec2() called at /usr/share/nvim/runtime/filetype.lua:0
004.915  000.183  000.044: sourcing /usr/share/nvim/runtime/filetype.lua
004.976  000.007  000.007: sourcing /usr/share/nvim/runtime/ftplugin.vim
005.021  000.004  000.004: sourcing /usr/share/nvim/runtime/indent.vim
005.028  000.366  000.172: sourcing nvim_exec2() called at /home/tenzin/.config/nvim/init.lua:0
005.055  000.465  000.100: require('custom.options')
006.341  000.005  000.005: require('vim.F')
006.423  001.343  001.338: require('vim.diagnostic')
006.431  001.375  000.032: require('custom.diagnostic')
006.432  003.743  000.242: require('custom')
006.433  003.749  000.006: sourcing /home/tenzin/.config/nvim/init.lua
006.438  000.353: sourcing vimrc file(s)
006.557  000.047  000.047: sourcing /usr/share/nvim/runtime/syntax/synload.vim
006.605  000.151  000.104: sourcing /usr/share/nvim/runtime/syntax/syntax.vim
008.179  000.077  000.077: require('rose-pine.config')
008.183  001.160  001.083: require('rose-pine')
008.254  001.446  000.286: sourcing /home/tenzin/.config/nvim/plugin/packer_compiled.lua
008.504  000.109  000.109: sourcing /usr/share/nvim/runtime/plugin/gzip.vim
008.734  000.094  000.094: sourcing /usr/share/nvim/runtime/pack/dist/opt/matchit/plugin/matchit.vim
008.755  000.243  000.148: sourcing /usr/share/nvim/runtime/plugin/matchit.vim
008.833  000.072  000.072: sourcing /usr/share/nvim/runtime/plugin/matchparen.vim
009.094  000.118  000.118: sourcing /usr/share/nvim/runtime/pack/dist/opt/netrw/plugin/netrwPlugin.vim
009.115  000.262  000.144: sourcing /usr/share/nvim/runtime/plugin/netrwPlugin.vim
009.213  000.004  000.004: sourcing /home/tenzin/.local/share/nvim/rplugin.vim
009.217  000.083  000.080: sourcing /usr/share/nvim/runtime/plugin/rplugin.vim
009.271  000.046  000.046: sourcing /usr/share/nvim/runtime/plugin/tarPlugin.vim
009.293  000.008  000.008: sourcing /usr/share/nvim/runtime/plugin/tutor.vim
009.370  000.068  000.068: sourcing /usr/share/nvim/runtime/plugin/zipPlugin.vim
009.408  000.026  000.026: sourcing /usr/share/nvim/runtime/plugin/editorconfig.lua
009.454  000.036  000.036: sourcing /usr/share/nvim/runtime/plugin/man.lua
009.541  000.078  000.078: sourcing /usr/share/nvim/runtime/plugin/net.lua
009.604  000.053  000.053: sourcing /usr/share/nvim/runtime/plugin/osc52.lua
009.690  000.069  000.069: sourcing /usr/share/nvim/runtime/plugin/shada.lua
009.718  000.015  000.015: sourcing /usr/share/nvim/runtime/plugin/spellfile.lua
010.055  000.300  000.300: sourcing /usr/share/vim/vimfiles/plugin/fzf.vim
010.058  000.556: loading rtp plugins
011.471  000.599  000.599: require('vim.lsp.protocol')
011.543  000.043  000.043: require('vim.fs')
011.570  000.798  000.155: require('vim.lsp.log')
012.689  000.007  000.007: require('vim._core.util')
012.704  001.131  001.125: require('vim.lsp.util')
013.048  000.136  000.136: require('vim.lsp.sync')
013.051  000.345  000.209: require('vim.lsp._changetracking')
013.433  000.105  000.105: require('vim.lsp._transport')
013.440  000.006  000.006: require('vim._core.stringbuffer')
013.474  000.421  000.310: require('vim.lsp.rpc')
013.563  003.301  000.605: require('vim.lsp')
013.928  000.359  000.359: require('blink.cmp')
014.193  000.118  000.118: require('blink.cmp.lib.async')
014.337  000.043  000.043: require('blink.cmp.config.utils')
014.384  000.045  000.045: require('blink.cmp.config.keymap')
014.426  000.015  000.015: require('blink.cmp.config.completion.keyword')
014.458  000.031  000.031: require('blink.cmp.config.completion.trigger')
014.481  000.022  000.022: require('blink.cmp.config.completion.list')
014.514  000.032  000.032: require('blink.cmp.config.completion.accept')
014.621  000.106  000.106: require('blink.cmp.config.completion.menu')
014.666  000.044  000.044: require('blink.cmp.config.completion.documentation')
014.683  000.016  000.016: require('blink.cmp.config.completion.ghost_text')
014.684  000.299  000.033: require('blink.cmp.config.completion')
014.740  000.055  000.055: require('blink.cmp.config.fuzzy')
014.789  000.048  000.048: require('blink.cmp.config.sources')
014.828  000.038  000.038: require('blink.cmp.config.signature')
014.883  000.054  000.054: require('blink.cmp.config.snippets')
014.907  000.023  000.023: require('blink.cmp.config.appearance')
014.925  000.017  000.017: require('blink.cmp.config.modes.cmdline')
014.939  000.014  000.014: require('blink.cmp.config.modes.term')
014.941  000.746  000.109: require('blink.cmp.config')
015.040  000.099  000.099: require('blink.cmp.lib.utils')
015.067  000.025  000.025: require('blink.cmp.lib.event_emitter')
015.070  001.140  000.153: require('blink.cmp.sources.lib')
015.115  004.885  000.085: sourcing /home/tenzin/.local/share/nvim/site/pack/packer/start/blink.cmp/plugin/blink-cmp.lua
015.329  000.107  000.107: require('gitsigns')
015.786  000.159  000.159: require('gitsigns.debug.log')
016.203  000.235  000.235: require('gitsigns.util')
016.212  000.424  000.189: require('gitsigns.config')
016.501  001.144  000.561: require('gitsigns.highlight')
016.575  000.058  000.058: require('gitsigns.debounce')
016.584  001.370  000.061: sourcing /home/tenzin/.local/share/nvim/site/pack/packer/start/gitsigns.nvim/plugin/gitsigns.lua
016.817  000.146  000.146: sourcing /home/tenzin/.local/share/nvim/site/pack/packer/start/nvim-lspconfig/plugin/lspconfig.lua
017.979  000.074  000.074: require('vim.treesitter.language')
018.009  000.026  000.026: require('vim.func')
018.097  000.087  000.087: require('vim.treesitter._range')
018.156  000.056  000.056: require('vim.func._memoize')
018.185  000.634  000.391: require('vim.treesitter.query')
018.196  001.087  000.453: require('vim.treesitter.languagetree')
018.200  001.276  000.190: require('vim.treesitter')
018.282  001.409  000.132: sourcing /home/tenzin/.local/share/nvim/site/pack/packer/start/nvim-treesitter/plugin/filetypes.lua
018.359  000.061  000.061: sourcing /home/tenzin/.local/share/nvim/site/pack/packer/start/nvim-treesitter/plugin/nvim-treesitter.lua
018.398  000.025  000.025: sourcing /home/tenzin/.local/share/nvim/site/pack/packer/start/nvim-treesitter/plugin/query_predicates.lua
018.488  000.024  000.024: sourcing /home/tenzin/.local/share/nvim/site/pack/packer/start/plenary.nvim/plugin/plenary.vim
018.685  000.157  000.157: sourcing /home/tenzin/.local/share/nvim/site/pack/packer/start/telescope.nvim/plugin/telescope.lua
019.253  000.526  000.526: sourcing /home/tenzin/.local/share/nvim/site/pack/packer/start/vim-fugitive/plugin/fugitive.vim
019.315  000.655: loading packages
020.070  000.023  000.023: require('nvim-autopairs._log')
020.197  000.125  000.125: require('nvim-autopairs.utils')
020.201  000.291  000.143: require('nvim-autopairs.conds')
020.206  000.387  000.096: require('nvim-autopairs.rule')
020.211  000.469  000.082: require('nvim-autopairs.rules.basic')
020.222  000.800  000.331: require('nvim-autopairs')
020.479  001.067  000.267: sourcing /home/tenzin/.config/nvim/after/plugin/autopairs.lua
021.098  000.063  000.063: require('blink.cmp.config.modes.types')
021.694  000.094  000.094: require('blink.cmp.fuzzy.download.system')
021.714  000.255  000.161: require('blink.cmp.fuzzy.download.files')
021.716  000.312  000.057: require('blink.cmp.fuzzy.download.git')
021.719  000.491  000.179: require('blink.cmp.fuzzy.download')
023.468  002.973  002.418: sourcing /home/tenzin/.config/nvim/after/plugin/blink.lua
023.564  000.066  000.066: sourcing /home/tenzin/.config/nvim/after/plugin/fugitive.lua
023.708  000.131  000.131: sourcing /home/tenzin/.config/nvim/after/plugin/gitsigns.lua
024.010  000.024  000.024: require('harpoon.utils')
024.019  000.094  000.069: require('harpoon.logger')
024.281  000.017  000.017: require('harpoon.autocmd')
024.284  000.133  000.116: require('harpoon.buffer')
024.348  000.064  000.064: require('harpoon.extensions')
024.352  000.332  000.134: require('harpoon.ui')
025.639  000.216  000.216: require('plenary.bit')
025.722  000.078  000.078: require('plenary.functional')
025.779  000.041  000.041: require('ffi')
025.857  001.411  001.076: require('plenary.path')
025.888  001.535  000.124: require('harpoon.data')
026.184  000.295  000.295: require('harpoon.config')
026.436  000.251  000.251: require('harpoon.list')
029.605  005.853  003.346: require('harpoon')
029.706  005.985  000.132: sourcing /home/tenzin/.config/nvim/after/plugin/harpoon.lua
029.897  000.036  000.036: require('mason-core.path')
030.108  000.022  000.022: require('mason-core.functional.data')
030.177  000.067  000.067: require('mason-core.functional.function')
030.300  000.120  000.120: require('mason-core.functional.list')
030.334  000.029  000.029: require('mason-core.functional.relation')
030.366  000.030  000.030: require('mason-core.functional.logic')
030.391  000.023  000.023: require('mason-core.functional.number')
030.450  000.057  000.057: require('mason-core.functional.string')
030.495  000.042  000.042: require('mason-core.functional.table')
030.533  000.020  000.020: require('mason-core.functional.type')
030.535  000.521  000.113: require('mason-core.functional')
030.559  000.661  000.139: require('mason-core.platform')
030.667  000.107  000.107: require('mason.settings')
030.670  000.866  000.062: require('mason-core.installer.InstallLocation')
030.927  000.114  000.114: require('mason-core.log')
030.929  000.151  000.037: require('mason-core.EventEmitter')
031.038  000.108  000.108: require('mason-registry.sources')
031.055  000.384  000.125: require('mason-registry')
031.057  001.293  000.042: require('mason')
031.367  000.168  000.168: require('mason.api.command')
031.459  000.018  000.018: require('mason-lspconfig.settings')
031.461  000.089  000.071: require('mason-lspconfig')
031.568  000.100  000.100: require('mason-core.async')
031.679  000.018  000.018: require('mason-core.async.uv')
031.684  000.115  000.097: require('mason-core.fs')
031.878  000.075  000.075: require('mason-core.result')
032.180  000.196  000.196: require('mason-core.process')
032.274  000.092  000.092: require('mason-core.spawn')
032.277  000.323  000.034: require('mason-core.installer.managers.powershell')
032.293  000.015  000.015: require('mason.version')
032.295  000.415  000.077: require('mason-core.fetch')
032.333  000.038  000.038: require('mason-core.providers')
032.411  000.046  000.046: require('mason-core.optional')
032.701  000.123  000.123: require('mason-core.purl')
032.767  000.064  000.064: require('mason-core.async.control')
032.771  000.275  000.088: require('mason-core.package.AbstractPackage')
033.175  000.066  000.066: require('mason-core.installer.compiler.expr')
033.180  000.195  000.129: require('mason-core.installer.compiler.link')
033.548  000.030  000.030: require('mason-core.installer.context.InstallContextCwd')
033.601  000.053  000.053: require('mason-core.installer.context.InstallContextFs')
033.633  000.031  000.031: require('mason-core.installer.context.InstallContextSpawn')
033.697  000.063  000.063: require('mason-core.receipt')
033.708  000.326  000.149: require('mason-core.installer.context')
033.709  000.342  000.016: require('mason-core.installer')
033.715  000.461  000.119: require('mason-core.installer.managers.std')
033.716  000.535  000.074: require('mason-core.installer.compiler.schemas')
033.763  000.046  000.046: require('mason-core.installer.compiler.util')
033.768  000.887  000.110: require('mason-core.installer.compiler')
033.855  000.087  000.087: require('mason-core.installer.linker')
033.858  001.086  000.112: require('mason-core.installer.InstallRunner')
033.915  000.056  000.056: require('mason-core.installer.UninstallRunner')
033.918  001.507  000.090: require('mason-core.package')
033.920  001.586  000.033: require('mason-registry.sources.util')
033.924  002.214  000.100: require('mason-registry.sources.github')
034.130  000.061  000.061: require('mason-registry.sources.synthesized')
034.215  000.028  000.028: require('mason-lspconfig.mappings')
034.217  000.069  000.041: require('mason-lspconfig.features.automatic_enable')
042.363  000.272  000.272: require('lspconfig.util')
043.023  000.016  000.016: require('mason-lspconfig.notify')
043.040  000.125  000.109: require('mason-lspconfig.api.command')
043.093  013.363  008.857: sourcing /home/tenzin/.config/nvim/after/plugin/lsp.lua
043.380  000.256  000.256: require('mini.statusline')
044.587  001.156  001.156: require('mini.icons')
044.750  001.633  000.220: sourcing /home/tenzin/.config/nvim/after/plugin/mini.lua
044.789  000.018  000.018: sourcing /home/tenzin/.config/nvim/after/plugin/neovide.lua
044.959  000.146  000.146: require('telescope.builtin')
044.976  000.176  000.030: sourcing /home/tenzin/.config/nvim/after/plugin/telescope.lua
045.313  000.068  000.068: require('rose-pine.utilities')
045.687  000.370  000.370: require('rose-pine.palette')
046.664  000.017  000.017: sourcing nvim_exec2() called at /home/tenzin/.local/share/nvim/site/pack/packer/start/rose-pine/colors/rose-pine-moon.lua:0
046.668  001.477  001.022: sourcing /home/tenzin/.local/share/nvim/site/pack/packer/start/rose-pine/colors/rose-pine-moon.lua
046.782  001.787  000.310: sourcing nvim_exec2() called at /home/tenzin/.config/nvim/after/plugin/theme.lua:0
046.784  001.796  000.010: sourcing /home/tenzin/.config/nvim/after/plugin/theme.lua
046.886  000.085  000.085: sourcing /home/tenzin/.config/nvim/after/plugin/treesitter.lua
046.890  000.282: loading after plugins
046.901  000.010: inits 3
048.156  001.255: reading ShaDa
049.359  001.204: opening buffers
049.431  000.072: BufEnter autocommands
049.434  000.002: editing files in windows
049.530  000.096: VimEnter autocommands
049.560  000.029: UIEnter autocommands
049.773  000.157  000.157: sourcing /usr/share/nvim/runtime/autoload/provider/clipboard.vim
049.777  000.060: before starting main loop
050.005  000.228: first screen update
050.007  000.001: --- NVIM STARTED ---

